overall  PASS

PRE-01               BLOCK  PASS  RADV ICD present; 2 /dev/dri node(s)
health:villa-llama   WARN   PASS  /health is ready (200)
offload:villa-llama  BLOCK  PASS  residency proven on Vulkan; GTT floor corroborated
drift                WARN   PASS  on-disk units match the rendered-from-config units
