{
  "services": [
    {
      "service": "villa-llama.service",
      "active": "active",
      "health": "ready",
      "offload": {
        "status": 0,
        "detail": "offload proven (log + sysfs) — log: Vulkan0 model buffer 21504.49 MiB resident on the iGPU; sysfs: GTT-used 23068672000 bytes ≥ 22548578304 weight footprint (resident)",
        "remediation": "",
        "provenance": "journald load_tensors Vulkan0 residency + point-in-time mem_info_gtt_used floor",
        "log_offload": {
          "value": true,
          "known": true,
          "source": "load_tensors Vulkan0 model buffer size"
        },
        "sysfs_offload": {
          "value": true,
          "known": true,
          "source": "mem_info_gtt_used point-in-time floor"
        },
        "gtt_delta_bytes": 23068672000
      },
      "offload_applies": true,
      "offload_ok": true
    },
    {
      "service": "villa-openwebui.service",
      "active": "active",
      "health": "ready",
      "offload": {
        "status": 1,
        "detail": "N/A — this service has no GPU offload",
        "remediation": "",
        "provenance": "not an inference service (no llama-server residency to assert)",
        "log_offload": {
          "value": false,
          "known": false
        },
        "sysfs_offload": {
          "value": false,
          "known": false
        },
        "gtt_delta_bytes": 0
      },
      "offload_applies": false,
      "offload_ok": false
    },
    {
      "service": "villa-qdrant.service",
      "active": "active",
      "health": "ready",
      "offload": {
        "status": 1,
        "detail": "N/A — this service has no GPU offload",
        "remediation": "",
        "provenance": "not an inference service (no llama-server residency to assert)",
        "log_offload": {
          "value": false,
          "known": false
        },
        "sysfs_offload": {
          "value": false,
          "known": false
        },
        "gtt_delta_bytes": 0
      },
      "offload_applies": false,
      "offload_ok": false
    },
    {
      "service": "villa-embed.service",
      "active": "active",
      "health": "ready",
      "offload": {
        "status": 1,
        "detail": "N/A — this service has no GPU offload",
        "remediation": "",
        "provenance": "not an inference service (no llama-server residency to assert)",
        "log_offload": {
          "value": false,
          "known": false
        },
        "sysfs_offload": {
          "value": false,
          "known": false
        },
        "gtt_delta_bytes": 0
      },
      "offload_applies": false,
      "offload_ok": false
    },
    {
      "service": "villa-dashboard.service",
      "active": "active",
      "health": "ready",
      "offload": {
        "status": 1,
        "detail": "N/A — this service has no GPU offload",
        "remediation": "",
        "provenance": "not an inference service (no llama-server residency to assert)",
        "log_offload": {
          "value": false,
          "known": false
        },
        "sysfs_offload": {
          "value": false,
          "known": false
        },
        "gtt_delta_bytes": 0
      },
      "offload_applies": false,
      "offload_ok": false
    }
  ],
  "ports": [
    {
      "host_addr": "127.0.0.1",
      "container_port": "8080",
      "loopback": true
    },
    {
      "host_addr": "127.0.0.1",
      "container_port": "8080",
      "loopback": true
    }
  ],
  "loopback_only": true,
  "no_telemetry": "no telemetry; outbound = image/model pulls only",
  "overall": "PASS",
  "backend": "vulkan",
  "image": "docker.io/kyuz0/amd-strix-halo-toolboxes:vulkan-radv@sha256:9a74e555c45864352a4077528836988d448e9f030fbab9f7376ea1c603ac7aad",
  "rocm_readiness": "unknown",
  "model": "qwen3",
  "memory": {
    "embedding_model": "nomic-embed-text-v1.5",
    "embedding_dim": 768,
    "recall_state": "indexed",
    "indexed_chats": 2,
    "last_index_started_at": "2026-06-09T10:00:00Z",
    "last_index_completed_at": "2026-06-09T10:05:00Z"
  },
  "schema_version": 3
}
