{"captured_at":"2026-06-07T12:00:00Z","mode":"single","spec":{"prompt":"Summarize the water cycle in three concise sentences.","reps":5,"warmup":1,"n_predict":128,"seed":42,"temp":0},"single":{"backend":"vulkan","prompt_per_sec":512.5,"prompt_per_sec_stddev":3.1,"predicted_per_sec":48.25,"predicted_per_sec_stddev":0.75,"kept":5,"void":0},"void_exhausted":true,"reason":"only 2 of 5 runs were resident","fingerprint":{"model":"llama-3.1-8b","quant":"Q4_K_M","ctx":8192,"backend":"vulkan","host_gfx_id":"gfx1151","kernel_version":"6.18.4"},"schema_version":1}
